I'm sorry, but errors were detected in your script. Please correct the
errors listed below, and try again.


File "game/script.rpy", line 77: expected statement.
    passS
         ^

Ren'Py Version: Ren'Py 8.0.3.22090809
Wed Sep 28 20:25:45 2022
